// Jest Snapshot v1, https://goo.gl/fbAQLP

exports[`Dashboard Component should return a snapshot 1`] = `
Object {
  "asFragment": [Function],
  "baseElement": <body>
    <div>
      <div
        class="view-wrap"
      >
        <div
          class="view-filter-top"
        >
          <svg
            fill="currentColor"
            height="1em"
            stroke="currentColor"
            stroke-width="0"
            viewBox="0 0 512 512"
            width="1em"
            xmlns="http://www.w3.org/2000/svg"
          >
            <path
              d="M256 105c-101.8 0-188.4 62.4-224 151 35.6 88.6 122.2 151 224 151s188.4-62.4 224-151c-35.6-88.6-122.2-151-224-151zm0 251.7c-56 0-101.8-45.3-101.8-100.7S200 155.3 256 155.3 357.8 200.6 357.8 256 312 356.7 256 356.7zm0-161.1c-33.6 0-61.1 27.2-61.1 60.4s27.5 60.4 61.1 60.4 61.1-27.2 61.1-60.4-27.5-60.4-61.1-60.4z"
            />
          </svg>
          <span>
            Filter View
          </span>
          <svg
            class="
                        view-filter-icon 
                        
                    "
            fill="currentColor"
            height="1em"
            stroke="currentColor"
            stroke-width="0"
            viewBox="0 0 448 512"
            width="1em"
            xmlns="http://www.w3.org/2000/svg"
          >
            <path
              d="M207.029 381.476L12.686 187.132c-9.373-9.373-9.373-24.569 0-33.941l22.667-22.667c9.357-9.357 24.522-9.375 33.901-.04L224 284.505l154.745-154.021c9.379-9.335 24.544-9.317 33.901.04l22.667 22.667c9.373 9.373 9.373 24.569 0 33.941L240.971 381.476c-9.373 9.372-24.569 9.372-33.942 0z"
            />
          </svg>
        </div>
      </div>
      <div
        class="polls"
      >
        <div
          class="poll-category"
        >
          <div
            class="poll-category-name"
          >
            Unanswered Polls
          </div>
          <div
            class="poll-wrap"
          />
        </div>
        <div
          class="poll-category"
        >
          <div
            class="poll-category-name"
          >
            Answered Polls
          </div>
          <div
            class="poll-wrap"
          />
        </div>
      </div>
    </div>
  </body>,
  "container": <div>
    <div
      class="view-wrap"
    >
      <div
        class="view-filter-top"
      >
        <svg
          fill="currentColor"
          height="1em"
          stroke="currentColor"
          stroke-width="0"
          viewBox="0 0 512 512"
          width="1em"
          xmlns="http://www.w3.org/2000/svg"
        >
          <path
            d="M256 105c-101.8 0-188.4 62.4-224 151 35.6 88.6 122.2 151 224 151s188.4-62.4 224-151c-35.6-88.6-122.2-151-224-151zm0 251.7c-56 0-101.8-45.3-101.8-100.7S200 155.3 256 155.3 357.8 200.6 357.8 256 312 356.7 256 356.7zm0-161.1c-33.6 0-61.1 27.2-61.1 60.4s27.5 60.4 61.1 60.4 61.1-27.2 61.1-60.4-27.5-60.4-61.1-60.4z"
          />
        </svg>
        <span>
          Filter View
        </span>
        <svg
          class="
                        view-filter-icon 
                        
                    "
          fill="currentColor"
          height="1em"
          stroke="currentColor"
          stroke-width="0"
          viewBox="0 0 448 512"
          width="1em"
          xmlns="http://www.w3.org/2000/svg"
        >
          <path
            d="M207.029 381.476L12.686 187.132c-9.373-9.373-9.373-24.569 0-33.941l22.667-22.667c9.357-9.357 24.522-9.375 33.901-.04L224 284.505l154.745-154.021c9.379-9.335 24.544-9.317 33.901.04l22.667 22.667c9.373 9.373 9.373 24.569 0 33.941L240.971 381.476c-9.373 9.372-24.569 9.372-33.942 0z"
          />
        </svg>
      </div>
    </div>
    <div
      class="polls"
    >
      <div
        class="poll-category"
      >
        <div
          class="poll-category-name"
        >
          Unanswered Polls
        </div>
        <div
          class="poll-wrap"
        />
      </div>
      <div
        class="poll-category"
      >
        <div
          class="poll-category-name"
        >
          Answered Polls
        </div>
        <div
          class="poll-wrap"
        />
      </div>
    </div>
  </div>,
  "debug": [Function],
  "findAllByAltText": [Function],
  "findAllByDisplayValue": [Function],
  "findAllByLabelText": [Function],
  "findAllByPlaceholderText": [Function],
  "findAllByRole": [Function],
  "findAllByTestId": [Function],
  "findAllByText": [Function],
  "findAllByTitle": [Function],
  "findByAltText": [Function],
  "findByDisplayValue": [Function],
  "findByLabelText": [Function],
  "findByPlaceholderText": [Function],
  "findByRole": [Function],
  "findByTestId": [Function],
  "findByText": [Function],
  "findByTitle": [Function],
  "getAllByAltText": [Function],
  "getAllByDisplayValue": [Function],
  "getAllByLabelText": [Function],
  "getAllByPlaceholderText": [Function],
  "getAllByRole": [Function],
  "getAllByTestId": [Function],
  "getAllByText": [Function],
  "getAllByTitle": [Function],
  "getByAltText": [Function],
  "getByDisplayValue": [Function],
  "getByLabelText": [Function],
  "getByPlaceholderText": [Function],
  "getByRole": [Function],
  "getByTestId": [Function],
  "getByText": [Function],
  "getByTitle": [Function],
  "queryAllByAltText": [Function],
  "queryAllByDisplayValue": [Function],
  "queryAllByLabelText": [Function],
  "queryAllByPlaceholderText": [Function],
  "queryAllByRole": [Function],
  "queryAllByTestId": [Function],
  "queryAllByText": [Function],
  "queryAllByTitle": [Function],
  "queryByAltText": [Function],
  "queryByDisplayValue": [Function],
  "queryByLabelText": [Function],
  "queryByPlaceholderText": [Function],
  "queryByRole": [Function],
  "queryByTestId": [Function],
  "queryByText": [Function],
  "queryByTitle": [Function],
  "rerender": [Function],
  "unmount": [Function],
}
`;

exports[`Dashboard should return a snapshot 1`] = `
Object {
  "asFragment": [Function],
  "baseElement": <body>
    <div>
      <div
        class="view-wrap"
      >
        <div
          class="view-filter-top"
        >
          <svg
            fill="currentColor"
            height="1em"
            stroke="currentColor"
            stroke-width="0"
            viewBox="0 0 512 512"
            width="1em"
            xmlns="http://www.w3.org/2000/svg"
          >
            <path
              d="M256 105c-101.8 0-188.4 62.4-224 151 35.6 88.6 122.2 151 224 151s188.4-62.4 224-151c-35.6-88.6-122.2-151-224-151zm0 251.7c-56 0-101.8-45.3-101.8-100.7S200 155.3 256 155.3 357.8 200.6 357.8 256 312 356.7 256 356.7zm0-161.1c-33.6 0-61.1 27.2-61.1 60.4s27.5 60.4 61.1 60.4 61.1-27.2 61.1-60.4-27.5-60.4-61.1-60.4z"
            />
          </svg>
          <span>
            Filter View
          </span>
          <svg
            class="
                        view-filter-icon 
                        
                    "
            fill="currentColor"
            height="1em"
            stroke="currentColor"
            stroke-width="0"
            viewBox="0 0 448 512"
            width="1em"
            xmlns="http://www.w3.org/2000/svg"
          >
            <path
              d="M207.029 381.476L12.686 187.132c-9.373-9.373-9.373-24.569 0-33.941l22.667-22.667c9.357-9.357 24.522-9.375 33.901-.04L224 284.505l154.745-154.021c9.379-9.335 24.544-9.317 33.901.04l22.667 22.667c9.373 9.373 9.373 24.569 0 33.941L240.971 381.476c-9.373 9.372-24.569 9.372-33.942 0z"
            />
          </svg>
        </div>
      </div>
      <div
        class="polls"
      >
        <div
          class="poll-category"
        >
          <div
            class="poll-category-name"
          >
            Unanswered Polls
          </div>
          <div
            class="poll-wrap"
          />
        </div>
        <div
          class="poll-category"
        >
          <div
            class="poll-category-name"
          >
            Answered Polls
          </div>
          <div
            class="poll-wrap"
          />
        </div>
      </div>
    </div>
  </body>,
  "container": <div>
    <div
      class="view-wrap"
    >
      <div
        class="view-filter-top"
      >
        <svg
          fill="currentColor"
          height="1em"
          stroke="currentColor"
          stroke-width="0"
          viewBox="0 0 512 512"
          width="1em"
          xmlns="http://www.w3.org/2000/svg"
        >
          <path
            d="M256 105c-101.8 0-188.4 62.4-224 151 35.6 88.6 122.2 151 224 151s188.4-62.4 224-151c-35.6-88.6-122.2-151-224-151zm0 251.7c-56 0-101.8-45.3-101.8-100.7S200 155.3 256 155.3 357.8 200.6 357.8 256 312 356.7 256 356.7zm0-161.1c-33.6 0-61.1 27.2-61.1 60.4s27.5 60.4 61.1 60.4 61.1-27.2 61.1-60.4-27.5-60.4-61.1-60.4z"
          />
        </svg>
        <span>
          Filter View
        </span>
        <svg
          class="
                        view-filter-icon 
                        
                    "
          fill="currentColor"
          height="1em"
          stroke="currentColor"
          stroke-width="0"
          viewBox="0 0 448 512"
          width="1em"
          xmlns="http://www.w3.org/2000/svg"
        >
          <path
            d="M207.029 381.476L12.686 187.132c-9.373-9.373-9.373-24.569 0-33.941l22.667-22.667c9.357-9.357 24.522-9.375 33.901-.04L224 284.505l154.745-154.021c9.379-9.335 24.544-9.317 33.901.04l22.667 22.667c9.373 9.373 9.373 24.569 0 33.941L240.971 381.476c-9.373 9.372-24.569 9.372-33.942 0z"
          />
        </svg>
      </div>
    </div>
    <div
      class="polls"
    >
      <div
        class="poll-category"
      >
        <div
          class="poll-category-name"
        >
          Unanswered Polls
        </div>
        <div
          class="poll-wrap"
        />
      </div>
      <div
        class="poll-category"
      >
        <div
          class="poll-category-name"
        >
          Answered Polls
        </div>
        <div
          class="poll-wrap"
        />
      </div>
    </div>
  </div>,
  "debug": [Function],
  "findAllByAltText": [Function],
  "findAllByDisplayValue": [Function],
  "findAllByLabelText": [Function],
  "findAllByPlaceholderText": [Function],
  "findAllByRole": [Function],
  "findAllByTestId": [Function],
  "findAllByText": [Function],
  "findAllByTitle": [Function],
  "findByAltText": [Function],
  "findByDisplayValue": [Function],
  "findByLabelText": [Function],
  "findByPlaceholderText": [Function],
  "findByRole": [Function],
  "findByTestId": [Function],
  "findByText": [Function],
  "findByTitle": [Function],
  "getAllByAltText": [Function],
  "getAllByDisplayValue": [Function],
  "getAllByLabelText": [Function],
  "getAllByPlaceholderText": [Function],
  "getAllByRole": [Function],
  "getAllByTestId": [Function],
  "getAllByText": [Function],
  "getAllByTitle": [Function],
  "getByAltText": [Function],
  "getByDisplayValue": [Function],
  "getByLabelText": [Function],
  "getByPlaceholderText": [Function],
  "getByRole": [Function],
  "getByTestId": [Function],
  "getByText": [Function],
  "getByTitle": [Function],
  "queryAllByAltText": [Function],
  "queryAllByDisplayValue": [Function],
  "queryAllByLabelText": [Function],
  "queryAllByPlaceholderText": [Function],
  "queryAllByRole": [Function],
  "queryAllByTestId": [Function],
  "queryAllByText": [Function],
  "queryAllByTitle": [Function],
  "queryByAltText": [Function],
  "queryByDisplayValue": [Function],
  "queryByLabelText": [Function],
  "queryByPlaceholderText": [Function],
  "queryByRole": [Function],
  "queryByTestId": [Function],
  "queryByText": [Function],
  "queryByTitle": [Function],
  "rerender": [Function],
  "unmount": [Function],
}
`;
